314223161-21474836470101Instruction Not Implemented: 0xfe20f1b3
PC = 0x00000078;
R[0] = 0x00000000;
R[1] = 0x00000003;
R[2] = 0x00000001;
R[3] = 0x00000004;
R[4] = 0x00000002;
R[5] = 0x00000002;
R[6] = 0x00000003;
R[7] = 0x00000001;
R[8] = 0x00000006;
R[9] = 0x00000001;
R[10] = 0x80000001;
R[11] = 0x00000000;
R[12] = 0x00000001;
R[13] = 0x00000000;
R[14] = 0x00000001;
R[15] = 0x00001000;
R[16] = 0x00001004;
R[17] = 0x00000000;
R[18] = 0x00000000;
R[19] = 0x00000000;
R[20] = 0x00000000;
R[21] = 0x00000000;
R[22] = 0x00000000;
R[23] = 0x00000000;
R[24] = 0x00000000;
R[25] = 0x00000000;
R[26] = 0x00000000;
R[27] = 0x00000000;
R[28] = 0x00000000;
R[29] = 0x00000000;
R[30] = 0x00000000;
R[31] = 0x00000000;
