A1479338PC = 0x0000003c;
R[0] = 0x00000000;
R[1] = 0xffffffff;
R[2] = 0xffffff93;
R[3] = 0x00000093;
R[4] = 0xfff00093;
R[5] = 0x00000041;
R[6] = 0x00000000;
R[7] = 0x00000000;
R[8] = 0x00000000;
R[9] = 0x00000000;
R[10] = 0x00000000;
R[11] = 0x00000000;
R[12] = 0x00000000;
R[13] = 0x00000000;
R[14] = 0x00000000;
R[15] = 0x00001000;
R[16] = 0x00001004;
R[17] = 0x00001008;
R[18] = 0x00001020;
R[19] = 0x00001024;
R[20] = 0x00001028;
R[21] = 0x00000000;
R[22] = 0x00000000;
R[23] = 0x00000000;
R[24] = 0x00000000;
R[25] = 0x00000000;
R[26] = 0x00000000;
R[27] = 0x00000000;
R[28] = 0x00000000;
R[29] = 0x00000000;
R[30] = 0x00000000;
R[31] = 0x00000000;
fff00093A14793A-1048429fff00093Illegal Operation: 0x00500023
PC = 0x0000005c;
R[0] = 0x00000000;
R[1] = 0xffffffff;
R[2] = 0xffffff93;
R[3] = 0x00000093;
R[4] = 0xfff00093;
R[5] = 0x00000041;
R[6] = 0x00000000;
R[7] = 0x00000000;
R[8] = 0x00000000;
R[9] = 0x00000000;
R[10] = 0x00000000;
R[11] = 0x00000000;
R[12] = 0x00000000;
R[13] = 0x00000000;
R[14] = 0x00000000;
R[15] = 0x00001000;
R[16] = 0x00001004;
R[17] = 0x00001008;
R[18] = 0x00001020;
R[19] = 0x00001024;
R[20] = 0x00001028;
R[21] = 0x00000000;
R[22] = 0x00000000;
R[23] = 0x00000000;
R[24] = 0x00000000;
R[25] = 0x00000000;
R[26] = 0x00000000;
R[27] = 0x00000000;
R[28] = 0x00000000;
R[29] = 0x00000000;
R[30] = 0x00000000;
R[31] = 0x00000000;
